../Core/Src/main.c:83:5:main	8	static
../Core/Src/main.c:132:6:printmsg	96	static
../Core/Src/main.c:142:6:bootloader_read_uart_data	16	static
../Core/Src/main.c:202:6:bootloader_jump_to_user_app	24	static,ignoring_inline_asm
../Core/Src/main.c:219:6:bootloader_handle_getver_cmd	32	static
../Core/Src/main.c:250:6:bootloader_handle_gethelp_cmd	16	static
../Core/Src/main.c:256:6:bootloader_handle_getcid_cmd	16	static
../Core/Src/main.c:262:6:bootloader_handle_getrdp_cmd	16	static
../Core/Src/main.c:268:6:bootloader_handle_go_cmd	16	static
../Core/Src/main.c:274:6:bootloader_handle_flash_erase_cmd	16	static
../Core/Src/main.c:280:6:bootloader_handle_mem_write_cmd	16	static
../Core/Src/main.c:286:6:bootloader_handle_endis_rw_protect	16	static
../Core/Src/main.c:292:6:bootloader_handle_mem_read	16	static
../Core/Src/main.c:298:6:bootloader_handle_read_sector_status	16	static
../Core/Src/main.c:304:6:bootloader_handle_read_otp	16	static
../Core/Src/main.c:309:6:bootloader_send_ack	24	static
../Core/Src/main.c:318:6:bootloader_send_nack	16	static
../Core/Src/main.c:324:9:bootloader_verify_crc	40	static
../Core/Src/main.c:345:9:get_bootloader_version	4	static
../Core/Src/main.c:350:6:bootloader_uart_write_data	16	static
../Core/Src/main.c:361:6:SystemClock_Config	88	static
../Core/Src/main.c:408:13:MX_CRC_Init	8	static
../Core/Src/main.c:434:13:MX_USART1_UART_Init	8	static
../Core/Src/main.c:467:13:MX_USART2_UART_Init	8	static
../Core/Src/main.c:500:13:MX_GPIO_Init	48	static
../Core/Src/main.c:540:6:Error_Handler	4	static,ignoring_inline_asm
